anchored fit p0 = 0.50 ... 1.6 min
anchored fit p0 = 0.90 ... 4.8 min
anchored fit p0 = 0.95 ... 6.7 min
graft cee|0.50 @ 0.90-0.980        ... 2.3 min
graft cee|0.50 @ 0.95-0.990        ... 2.3 min
graft cee|0.50 @ 0.97-0.995        ... 2.9 min
graft cee|0.50 @ 0.99-0.999        ... 0.9 min
graft cee_anch|0.50 @ 0.90-0.980   ... 2.6 min
graft cee_anch|0.50 @ 0.95-0.990   ... 2.1 min
graft cee_anch|0.50 @ 0.97-0.995   ... 2.8 min
graft cee_anch|0.50 @ 0.99-0.999   ... 1.0 min
graft cee_anch|0.90 @ 0.90-0.980   ... 2.3 min
graft cee_anch|0.90 @ 0.95-0.990   ... 2.1 min
graft cee_anch|0.90 @ 0.97-0.995   ... 2.7 min
graft cee_anch|0.90 @ 0.99-0.999   ... 1.1 min
graft mle @ 0.95-0.990             ... 2.4 min
=== Mean anchoring and a later handoff, n = 100, 2000 replicates ===

--- asymptotic targets (fit to n = 2e6); true tail (0, 1, 0.2) ---
                  mu  sigma     xi
cee|0.50      1.3920 0.5627 0.3146
cee_anch|0.50 1.2780 0.6089 0.2967
cee|0.90      1.0059 0.7967 0.2373
cee_anch|0.90 0.1610 0.9529 0.2082
cee|0.95      0.8362 0.8724 0.2198
cee_anch|0.95 0.0256 0.9891 0.2016

asymptotic % bias in the return level
                 T=2   T=10  T=19  T=48 T=107 T=203 T=529 T=1000
cee|0.50       -8.17   2.19  2.37 -3.34 -4.49 -3.69 -0.47   2.79
cee_anch|0.50 -13.69   1.94  2.87 -2.52 -3.83 -3.36 -0.89   1.68
cee|0.90      -25.26   6.57  9.24  3.72  1.22  0.26 -0.06   0.25
cee_anch|0.90 -70.13  -8.74 -0.23 -0.23 -0.49 -0.53 -0.42  -0.26
cee|0.95      -33.34   6.54 10.37  5.42  2.86  1.65  0.73   0.51
cee_anch|0.95 -77.09 -10.48 -1.06 -0.30 -0.32 -0.31 -0.27  -0.23

--- median fitted shape (true xi = 0.2) ---
          mle          lmom      cee|0.50 cee_anch|0.50 cee_anch|0.90 
        0.054         0.095         0.209         0.079        -0.331 
cee_anch|0.95 
       -0.450 

--- MSE relative to GEV MLE ---
                                        T=2    T=10   T=19  T=48 T=107 T=203
mle                                   1.000   1.000  1.000 1.000 1.000 1.000
lmom                                  1.244   0.948  1.352 1.304 1.142 1.097
cee|0.50                              2.979   1.165  1.952 1.476 1.073 0.977
cee_anch|0.50                      9195.741  35.072  8.437 2.148 1.580 1.322
cee_anch|0.90                     88943.649 316.300 63.935 2.436 1.957 1.671
cee_anch|0.95                    124097.036 431.017 86.207 2.538 1.993 1.712
empirical                             1.149   0.474  1.792 1.928 5.373 2.031
graft cee|0.50 @ 0.90-0.980           1.149   0.474  1.474 1.282 0.915 0.816
graft cee|0.50 @ 0.95-0.990           1.149   0.474  1.792 1.710 1.158 0.995
graft cee|0.50 @ 0.97-0.995           1.149   0.474  1.792 1.943 1.434 1.811
graft cee|0.50 @ 0.99-0.999           1.149   0.474  1.792 1.928 1.813 2.331
graft cee_anch|0.50 @ 0.90-0.980      1.149   0.474  1.688 2.621 1.874 1.479
graft cee_anch|0.50 @ 0.95-0.990      1.149   0.474  1.792 1.999 1.531 1.254
graft cee_anch|0.50 @ 0.97-0.995      1.149   0.474  1.792 1.950 1.472 1.565
graft cee_anch|0.50 @ 0.99-0.999      1.149   0.474  1.792 1.928 1.713 1.906
graft cee_anch|0.90 @ 0.90-0.980      1.149   0.474  1.762 5.545 3.708 2.454
graft cee_anch|0.90 @ 0.95-0.990      1.149   0.474  1.792 2.494 2.511 1.946
graft cee_anch|0.90 @ 0.97-0.995      1.149   0.474  1.792 1.986 1.736 1.761
graft cee_anch|0.90 @ 0.99-0.999      1.149   0.474  1.792 1.928 1.805 1.901
graft mle @ 0.95-0.990                1.149   0.474  1.792 1.728 1.217 1.042
                                 T=529 T=1000
mle                              1.000  1.000
lmom                             1.090  1.111
cee|0.50                         0.982  1.054
cee_anch|0.50                    1.084  0.997
cee_anch|0.90                    1.233  1.065
cee_anch|0.95                    1.253  1.091
empirical                        1.139  1.133
graft cee|0.50 @ 0.90-0.980      0.795  0.835
graft cee|0.50 @ 0.95-0.990      0.951  0.995
graft cee|0.50 @ 0.97-0.995      1.832  1.996
graft cee|0.50 @ 0.99-0.999      2.316  2.512
graft cee_anch|0.50 @ 0.90-0.980 1.150  1.034
graft cee_anch|0.50 @ 0.95-0.990 1.011  0.924
graft cee_anch|0.50 @ 0.97-0.995 1.257  1.154
graft cee_anch|0.50 @ 0.99-0.999 1.449  1.308
graft cee_anch|0.90 @ 0.90-0.980 1.461  1.165
graft cee_anch|0.90 @ 0.95-0.990 1.321  1.107
graft cee_anch|0.90 @ 0.97-0.995 1.246  1.061
graft cee_anch|0.90 @ 0.99-0.999 1.272  1.064
graft mle @ 0.95-0.990           0.975  0.967

--- MC standard error of that ratio ---
                                      T=2   T=10  T=19  T=48 T=107 T=203 T=529
mle                                 0.000  0.000 0.000 0.000 0.000 0.000 0.000
lmom                                0.021  0.005 0.020 0.025 0.022 0.023 0.028
cee|0.50                            0.075  0.035 0.067 0.054 0.039 0.038 0.044
cee_anch|0.50                    2935.366 12.403 2.723 0.099 0.085 0.074 0.055
cee_anch|0.90                    8787.405 35.689 7.904 0.112 0.115 0.102 0.062
cee_anch|0.95                    8494.227 32.644 6.734 0.108 0.117 0.104 0.061
empirical                           0.027  0.028 0.068 0.070 0.356 0.131 0.034
graft cee|0.50 @ 0.90-0.980         0.027  0.028 0.038 0.032 0.023 0.022 0.026
graft cee|0.50 @ 0.95-0.990         0.027  0.028 0.068 0.058 0.045 0.039 0.040
graft cee|0.50 @ 0.97-0.995         0.027  0.028 0.068 0.072 0.067 0.107 0.115
graft cee|0.50 @ 0.99-0.999         0.027  0.028 0.068 0.070 0.105 0.150 0.156
graft cee_anch|0.50 @ 0.90-0.980    0.027  0.028 0.060 0.192 0.151 0.109 0.069
graft cee_anch|0.50 @ 0.95-0.990    0.027  0.028 0.068 0.082 0.093 0.078 0.054
graft cee_anch|0.50 @ 0.97-0.995    0.027  0.028 0.068 0.073 0.075 0.095 0.071
graft cee_anch|0.50 @ 0.99-0.999    0.027  0.028 0.068 0.070 0.095 0.120 0.084
graft cee_anch|0.90 @ 0.90-0.980    0.027  0.028 0.064 0.432 0.296 0.186 0.087
graft cee_anch|0.90 @ 0.95-0.990    0.027  0.028 0.068 0.126 0.172 0.133 0.072
graft cee_anch|0.90 @ 0.97-0.995    0.027  0.028 0.068 0.075 0.096 0.112 0.065
graft cee_anch|0.90 @ 0.99-0.999    0.027  0.028 0.068 0.070 0.102 0.123 0.068
graft mle @ 0.95-0.990              0.027  0.028 0.068 0.060 0.042 0.026 0.016
                                 T=1000
mle                               0.000
lmom                              0.035
cee|0.50                          0.052
cee_anch|0.50                     0.046
cee_anch|0.90                     0.040
cee_anch|0.95                     0.039
empirical                         0.016
graft cee|0.50 @ 0.90-0.980       0.031
graft cee|0.50 @ 0.95-0.990       0.044
graft cee|0.50 @ 0.97-0.995       0.132
graft cee|0.50 @ 0.99-0.999       0.175
graft cee_anch|0.50 @ 0.90-0.980  0.053
graft cee_anch|0.50 @ 0.95-0.990  0.043
graft cee_anch|0.50 @ 0.97-0.995  0.059
graft cee_anch|0.50 @ 0.99-0.999  0.070
graft cee_anch|0.90 @ 0.90-0.980  0.051
graft cee_anch|0.90 @ 0.95-0.990  0.045
graft cee_anch|0.90 @ 0.97-0.995  0.042
graft cee_anch|0.90 @ 0.99-0.999  0.043
graft mle @ 0.95-0.990            0.013

--- median absolute error ---
                                   T=2  T=10  T=19  T=48 T=107 T=203 T=529
mle                              0.068 0.316 0.318 0.800 1.745 2.732 4.663
lmom                             0.077 0.290 0.353 0.907 1.764 2.693 4.509
cee|0.50                         0.133 0.261 0.391 0.882 1.497 2.155 3.422
cee_anch|0.50                    0.683 0.230 0.395 0.954 1.624 2.299 3.601
cee_anch|0.90                    5.787 0.752 0.566 0.918 1.675 2.460 4.018
cee_anch|0.95                    9.693 1.399 0.859 1.009 1.665 2.472 4.133
empirical                        0.072 0.192 0.433 1.038 1.932 2.542 4.443
graft cee|0.50 @ 0.90-0.980      0.072 0.192 0.415 0.844 1.428 2.033 3.269
graft cee|0.50 @ 0.95-0.990      0.072 0.192 0.433 0.954 1.525 2.168 3.442
graft cee|0.50 @ 0.97-0.995      0.072 0.192 0.433 1.042 1.577 2.377 3.853
graft cee|0.50 @ 0.99-0.999      0.072 0.192 0.433 1.038 1.620 2.465 3.983
graft cee_anch|0.50 @ 0.90-0.980 0.072 0.192 0.425 0.974 1.636 2.330 3.596
graft cee_anch|0.50 @ 0.95-0.990 0.072 0.192 0.433 0.979 1.582 2.212 3.440
graft cee_anch|0.50 @ 0.97-0.995 0.072 0.192 0.433 1.042 1.573 2.264 3.595
graft cee_anch|0.50 @ 0.99-0.999 0.072 0.192 0.433 1.038 1.584 2.386 3.767
graft cee_anch|0.90 @ 0.90-0.980 0.072 0.192 0.429 1.033 1.780 2.597 4.115
graft cee_anch|0.90 @ 0.95-0.990 0.072 0.192 0.433 0.977 1.729 2.481 4.088
graft cee_anch|0.90 @ 0.97-0.995 0.072 0.192 0.433 1.048 1.639 2.420 3.901
graft cee_anch|0.90 @ 0.99-0.999 0.072 0.192 0.433 1.038 1.632 2.431 3.870
graft mle @ 0.95-0.990           0.072 0.192 0.433 0.992 1.689 2.557 4.371
                                 T=1000
mle                               6.273
lmom                              6.042
cee|0.50                          4.683
cee_anch|0.50                     4.809
cee_anch|0.90                     5.473
cee_anch|0.95                     5.639
empirical                         6.610
graft cee|0.50 @ 0.90-0.980       4.390
graft cee|0.50 @ 0.95-0.990       4.623
graft cee|0.50 @ 0.97-0.995       5.099
graft cee|0.50 @ 0.99-0.999       5.334
graft cee_anch|0.50 @ 0.90-0.980  4.810
graft cee_anch|0.50 @ 0.95-0.990  4.578
graft cee_anch|0.50 @ 0.97-0.995  4.786
graft cee_anch|0.50 @ 0.99-0.999  5.002
graft cee_anch|0.90 @ 0.90-0.980  5.588
graft cee_anch|0.90 @ 0.95-0.990  5.543
graft cee_anch|0.90 @ 0.97-0.995  5.377
graft cee_anch|0.90 @ 0.99-0.999  5.319
graft mle @ 0.95-0.990            5.933

--- fraction closer to the truth than the MLE ---
                                   T=2  T=10  T=19  T=48 T=107 T=203 T=529
mle                              0.000 0.000 0.000 0.000 0.000 0.000 0.000
lmom                             0.398 0.667 0.252 0.451 0.554 0.600 0.630
cee|0.50                         0.232 0.547 0.294 0.628 0.759 0.778 0.789
cee_anch|0.50                    0.102 0.592 0.316 0.571 0.724 0.759 0.767
cee_anch|0.90                    0.014 0.236 0.249 0.575 0.673 0.711 0.691
cee_anch|0.95                    0.004 0.174 0.186 0.530 0.663 0.700 0.674
empirical                        0.470 0.652 0.363 0.409 0.578 0.659 0.556
graft cee|0.50 @ 0.90-0.980      0.470 0.652 0.378 0.542 0.759 0.793 0.800
graft cee|0.50 @ 0.95-0.990      0.470 0.652 0.363 0.486 0.710 0.752 0.765
graft cee|0.50 @ 0.97-0.995      0.470 0.652 0.363 0.412 0.674 0.697 0.707
graft cee|0.50 @ 0.99-0.999      0.470 0.652 0.363 0.409 0.671 0.672 0.694
graft cee_anch|0.50 @ 0.90-0.980 0.470 0.652 0.364 0.515 0.716 0.765 0.774
graft cee_anch|0.50 @ 0.95-0.990 0.470 0.652 0.363 0.488 0.705 0.754 0.770
graft cee_anch|0.50 @ 0.97-0.995 0.470 0.652 0.363 0.412 0.682 0.711 0.734
graft cee_anch|0.50 @ 0.99-0.999 0.470 0.652 0.363 0.409 0.675 0.675 0.707
graft cee_anch|0.90 @ 0.90-0.980 0.470 0.652 0.360 0.533 0.645 0.694 0.679
graft cee_anch|0.90 @ 0.95-0.990 0.470 0.652 0.363 0.499 0.661 0.702 0.694
graft cee_anch|0.90 @ 0.97-0.995 0.470 0.652 0.363 0.408 0.664 0.705 0.694
graft cee_anch|0.90 @ 0.99-0.999 0.470 0.652 0.363 0.409 0.672 0.687 0.694
graft mle @ 0.95-0.990           0.470 0.652 0.363 0.462 0.630 0.685 0.728
                                 T=1000
mle                               0.000
lmom                              0.641
cee|0.50                          0.784
cee_anch|0.50                     0.757
cee_anch|0.90                     0.664
cee_anch|0.95                     0.633
empirical                         0.426
graft cee|0.50 @ 0.90-0.980       0.800
graft cee|0.50 @ 0.95-0.990       0.767
graft cee|0.50 @ 0.97-0.995       0.709
graft cee|0.50 @ 0.99-0.999       0.699
graft cee_anch|0.50 @ 0.90-0.980  0.766
graft cee_anch|0.50 @ 0.95-0.990  0.769
graft cee_anch|0.50 @ 0.97-0.995  0.727
graft cee_anch|0.50 @ 0.99-0.999  0.706
graft cee_anch|0.90 @ 0.90-0.980  0.650
graft cee_anch|0.90 @ 0.95-0.990  0.658
graft cee_anch|0.90 @ 0.97-0.995  0.664
graft cee_anch|0.90 @ 0.99-0.999  0.660
graft mle @ 0.95-0.990            0.742

--- bias ---
                                     T=2   T=10   T=19   T=48  T=107  T=203
mle                               -0.025  0.329  0.189 -0.644 -1.601 -2.548
lmom                              -0.056  0.303  0.216 -0.465 -1.210 -1.914
cee|0.50                          -0.129  0.218  0.215 -0.221 -0.616 -0.912
cee_anch|0.50                     -2.584 -0.314  0.090  0.007 -0.330 -0.754
cee_anch|0.90                    -14.261 -3.055 -1.110  0.083  0.118 -0.368
cee_anch|0.95                    -20.650 -4.593 -1.861 -0.026  0.218 -0.246
empirical                         -0.009 -0.009  0.037 -0.343  1.777  0.040
graft cee|0.50 @ 0.90-0.980       -0.009 -0.009  0.000 -0.310 -0.733 -1.076
graft cee|0.50 @ 0.95-0.990       -0.009 -0.009  0.037 -0.212 -0.345 -0.613
graft cee|0.50 @ 0.97-0.995       -0.009 -0.009  0.037 -0.333 -0.158  0.372
graft cee|0.50 @ 0.99-0.999       -0.009 -0.009  0.037 -0.343  0.077  0.722
graft cee_anch|0.50 @ 0.90-0.980  -0.009 -0.009  0.024 -0.018 -0.374 -0.819
graft cee_anch|0.50 @ 0.95-0.990  -0.009 -0.009  0.037 -0.139 -0.288 -0.731
graft cee_anch|0.50 @ 0.97-0.995  -0.009 -0.009  0.037 -0.332 -0.219 -0.014
graft cee_anch|0.50 @ 0.99-0.999  -0.009 -0.009  0.037 -0.343  0.019  0.357
graft cee_anch|0.90 @ 0.90-0.980  -0.009 -0.009  0.042  0.693  0.574  0.001
graft cee_anch|0.90 @ 0.95-0.990  -0.009 -0.009  0.037  0.108  0.250 -0.272
graft cee_anch|0.90 @ 0.97-0.995  -0.009 -0.009  0.037 -0.311 -0.069 -0.151
graft cee_anch|0.90 @ 0.99-0.999  -0.009 -0.009  0.037 -0.343  0.035  0.080
graft mle @ 0.95-0.990            -0.009 -0.009  0.037 -0.339 -0.888 -1.757
                                  T=529 T=1000
mle                              -4.325 -5.787
lmom                             -3.167 -4.141
cee|0.50                         -1.265 -1.385
cee_anch|0.50                    -1.651 -2.427
cee_anch|0.90                    -1.875 -3.385
cee_anch|0.95                    -1.894 -3.584
empirical                        -3.013 -5.397
graft cee|0.50 @ 0.90-0.980      -1.528 -1.742
graft cee|0.50 @ 0.95-0.990      -0.926 -1.021
graft cee|0.50 @ 0.97-0.995       0.506  0.805
graft cee|0.50 @ 0.99-0.999       0.992  1.428
graft cee_anch|0.50 @ 0.90-0.980 -1.751 -2.554
graft cee_anch|0.50 @ 0.95-0.990 -1.663 -2.468
graft cee_anch|0.50 @ 0.97-0.995 -0.731 -1.371
graft cee_anch|0.50 @ 0.99-0.999 -0.298 -0.871
graft cee_anch|0.90 @ 0.90-0.980 -1.600 -3.154
graft cee_anch|0.90 @ 0.95-0.990 -1.820 -3.349
graft cee_anch|0.90 @ 0.97-0.995 -1.669 -3.188
graft cee_anch|0.90 @ 0.99-0.999 -1.473 -3.004
graft mle @ 0.95-0.990           -3.431 -4.814

--- sd ---
                                    T=2  T=10  T=19  T=48 T=107 T=203 T=529
mle                               0.097 0.309 0.471 0.805 1.182 1.558 2.272
lmom                              0.097 0.319 0.549 1.082 1.748 2.474 3.998
cee|0.50                          0.116 0.436 0.676 1.233 1.967 2.807 4.674
cee_anch|0.50                     9.279 2.657 1.471 1.512 2.480 3.350 4.812
cee_anch|0.90                    26.343 7.431 3.903 1.607 2.782 3.843 5.091
cee_anch|0.95                    28.731 8.177 4.329 1.643 2.802 3.900 5.132
empirical                         0.107 0.311 0.678 1.390 4.257 4.257 4.257
graft cee|0.50 @ 0.90-0.980       0.107 0.311 0.616 1.126 1.757 2.474 4.079
graft cee|0.50 @ 0.95-0.990       0.107 0.311 0.678 1.332 2.114 2.915 4.673
graft cee|0.50 @ 0.97-0.995       0.107 0.311 0.678 1.399 2.378 4.002 6.593
graft cee|0.50 @ 0.99-0.999       0.107 0.311 0.678 1.390 2.679 4.503 7.370
graft cee_anch|0.50 @ 0.90-0.980  0.107 0.311 0.659 1.669 2.699 3.539 4.938
graft cee_anch|0.50 @ 0.95-0.990  0.107 0.311 0.678 1.452 2.446 3.263 4.623
graft cee_anch|0.50 @ 0.97-0.995  0.107 0.311 0.678 1.402 2.405 3.737 5.430
graft cee_anch|0.50 @ 0.99-0.999  0.107 0.311 0.678 1.390 2.605 4.108 5.874
graft cee_anch|0.90 @ 0.90-0.980  0.107 0.311 0.672 2.328 3.789 4.679 5.686
graft cee_anch|0.90 @ 0.95-0.990  0.107 0.311 0.678 1.625 3.144 4.158 5.312
graft cee_anch|0.90 @ 0.97-0.995  0.107 0.311 0.678 1.420 2.621 3.961 5.193
graft cee_anch|0.90 @ 0.99-0.999  0.107 0.311 0.678 1.390 2.673 4.117 5.310
graft mle @ 0.95-0.990            0.107 0.311 0.678 1.313 2.008 2.491 3.391
                                 T=1000
mle                               2.866
lmom                              5.404
cee|0.50                          6.486
cee_anch|0.50                     5.974
cee_anch|0.90                     5.742
cee_anch|0.95                     5.715
empirical                         4.257
graft cee|0.50 @ 0.90-0.980       5.640
graft cee|0.50 @ 0.95-0.990       6.363
graft cee|0.50 @ 0.97-0.995       9.091
graft cee|0.50 @ 0.99-0.999      10.139
graft cee_anch|0.50 @ 0.90-0.980  6.053
graft cee_anch|0.50 @ 0.95-0.990  5.699
graft cee_anch|0.50 @ 0.97-0.995  6.803
graft cee_anch|0.50 @ 0.99-0.999  7.335
graft cee_anch|0.90 @ 0.90-0.980  6.219
graft cee_anch|0.90 @ 0.95-0.990  5.913
graft cee_anch|0.90 @ 0.97-0.995  5.840
graft cee_anch|0.90 @ 0.99-0.999  5.946
graft mle @ 0.95-0.990            4.142

failed variants:
                             mle                             lmom 
                               0                                0 
                        cee|0.50                    cee_anch|0.50 
                               0                                0 
                   cee_anch|0.90                    cee_anch|0.95 
                               0                                0 
                       empirical      graft cee|0.50 @ 0.90-0.980 
                               0                                0 
     graft cee|0.50 @ 0.95-0.990      graft cee|0.50 @ 0.97-0.995 
                               0                                0 
     graft cee|0.50 @ 0.99-0.999 graft cee_anch|0.50 @ 0.90-0.980 
                               0                                0 
graft cee_anch|0.50 @ 0.95-0.990 graft cee_anch|0.50 @ 0.97-0.995 
                               0                                0 
graft cee_anch|0.50 @ 0.99-0.999 graft cee_anch|0.90 @ 0.90-0.980 
                               0                                0 
graft cee_anch|0.90 @ 0.95-0.990 graft cee_anch|0.90 @ 0.97-0.995 
                               0                                0 
graft cee_anch|0.90 @ 0.99-0.999           graft mle @ 0.95-0.990 
                               0                                0 
null device 
          1 

wrote out/fig-anchored.png and out/anchored.txt
