composite L2 fit ... 0.5 min
inv Huber k=4 fit ... 14.4 min
=== Hard graft against smooth graft, n = 100, 2000 replicates ===
Contaminated truth, MSE relative to POT-MLE(0.90). The hard graft joins an
empirical body to the fitted tail at the v-quantile, rescaled so the survival
function is continuous; the smooth graft blends with w = p^6.

                                 T=2      T=5     T=10     T=26     T=48    T=107    T=529   T=1000
POT-MLE u=0.90                 1.000    1.000    1.000    1.000    1.000    1.000    1.000    1.000
composite L2 | ungrafted       7.957    2.820    3.276    1.256    1.125    1.010    0.387    0.220
composite L2 | hard v=0.50     0.980    8.544    8.281    2.511    1.923    1.518    0.537    0.304
composite L2 | hard v=0.70     0.980    2.936    4.479    1.589    1.332    1.163    0.452    0.259
composite L2 | hard v=0.80     0.980    0.990    2.019    0.957    0.942    0.926    0.387    0.224
composite L2 | hard v=0.90     0.980    0.997    0.987    0.532    0.681    0.750    0.322    0.185
composite L2 | hard v=0.95     0.980    0.997    0.987    0.791    0.806    0.777    0.302    0.169
composite L2 | SMOOTH          0.978    1.050    1.381    0.818    0.859    0.866    0.364    0.209
inv Huber k=4 | ungrafted     10.246    3.045    3.983    1.476    1.234    1.031    0.355    0.192
inv Huber k=4 | hard v=0.50    0.980   11.005   10.348    2.979    2.129    1.528    0.461    0.245
inv Huber k=4 | hard v=0.70    0.980    3.481    5.379    1.832    1.432    1.146    0.387    0.210
inv Huber k=4 | hard v=0.80    0.980    0.993    2.341    1.086    0.998    0.913    0.340    0.187
inv Huber k=4 | hard v=0.90    0.980    0.997    0.987    0.553    0.694    0.746    0.299    0.165
inv Huber k=4 | hard v=0.95    0.980    0.997    0.987    0.786    0.797    0.767    0.289    0.158
inv Huber k=4 | SMOOTH         0.977    1.062    1.494    0.885    0.888    0.850    0.332    0.179
Error in xy.coords(x, y) : 'x' and 'y' lengths differ
Calls: lines -> lines.default -> plot.xy -> xy.coords
Execution halted
